components/SuperAdminPanel.tsx(105,43): error TS2554: Expected 4 arguments, but got 3.
services/authService.ts(373,24): error TS2739: Type '{ name: any; email: any; role: any; assigned_grades: any; assigned_subjects: any; institucion_id: any; instituciones: { nombre: any; dominio_email: any; config_visual: any; }[]; }' is missing the following properties from type '{ name: any; email: any; role: any; assigned_grades: any; assigned_subjects: any; institucion_id: any; plan_type: any; credits: any; subscription_expiry: any; instituciones: { nombre: any; dominio_email: any; config_visual: any; }[]; }': plan_type, credits, subscription_expiry
services/authService.ts(573,35): error TS2739: Type '{ name: any; email: any; role: any; assigned_grades: any; assigned_subjects: any; session_id: any; }' is missing the following properties from type '{ name: any; email: any; role: any; assigned_grades: any; assigned_subjects: any; plan_type: any; credits: any; subscription_expiry: any; session_id: any; }': plan_type, credits, subscription_expiry
supabase/functions/mercadopago-checkout/index.ts(1,23): error TS2307: Cannot find module 'https://deno.land/std@0.168.0/http/server.ts' or its corresponding type declarations.
supabase/functions/mercadopago-checkout/index.ts(2,30): error TS2307: Cannot find module 'https://esm.sh/@supabase/supabase-js@2' or its corresponding type declarations.
supabase/functions/mercadopago-checkout/index.ts(16,29): error TS2304: Cannot find name 'Deno'.
supabase/functions/mercadopago-checkout/index.ts(42,30): error TS2304: Cannot find name 'Deno'.
supabase/functions/mercadopago-webhook/index.ts(1,23): error TS2307: Cannot find module 'https://deno.land/std@0.168.0/http/server.ts' or its corresponding type declarations.
supabase/functions/mercadopago-webhook/index.ts(2,30): error TS2307: Cannot find module 'https://esm.sh/@supabase/supabase-js@2' or its corresponding type declarations.
supabase/functions/mercadopago-webhook/index.ts(16,7): error TS2304: Cannot find name 'Deno'.
supabase/functions/mercadopago-webhook/index.ts(17,7): error TS2304: Cannot find name 'Deno'.
supabase/functions/mercadopago-webhook/index.ts(25,31): error TS2304: Cannot find name 'Deno'.
