services/groqService.ts(1,18): error TS2792: Cannot find module 'groq-sdk'. Did you mean to set the 'moduleResolution' option to 'nodenext', or to add aliases to the 'paths' option?
services/groqService.ts(58,22): error TS1343: The 'import.meta' meta-property is only allowed when the '--module' option is 'es2020', 'es2022', 'esnext', 'system', 'node16', 'node18', or 'nodenext'.
services/supabaseClient.ts(2,30): error TS2792: Cannot find module '@supabase/supabase-js'. Did you mean to set the 'moduleResolution' option to 'nodenext', or to add aliases to the 'paths' option?
services/supabaseClient.ts(5,21): error TS1343: The 'import.meta' meta-property is only allowed when the '--module' option is 'es2020', 'es2022', 'esnext', 'system', 'node16', 'node18', or 'nodenext'.
services/supabaseClient.ts(5,33): error TS2339: Property 'env' does not exist on type 'ImportMeta'.
services/supabaseClient.ts(6,21): error TS1343: The 'import.meta' meta-property is only allowed when the '--module' option is 'es2020', 'es2022', 'esnext', 'system', 'node16', 'node18', or 'nodenext'.
services/supabaseClient.ts(6,33): error TS2339: Property 'env' does not exist on type 'ImportMeta'.
